
──────── link the existing project ────────
> Select a workspace pabsamuel's Projects
> Select a project global-emotes
> Select an environment production
> Select a service api
{
  "projectId": "44f08990-122d-4f57-b9aa-d0c9a3e9486e",
  "projectName": "global-emotes",
  "environmentId": "706690e6-545c-44c7-ad32-c118f3811c7d",
  "environmentName": "production",
  "serviceId": "28676b34-c88d-4e28-87fb-37ef50597a6b",
  "serviceName": "api"
}

──────── deploy api ────────
Indexing...
Uploading...
  Deployment: https://railway.com/project/44f08990-122d-4f57-b9aa-d0c9a3e9486e/service/28676b34-c88d-4e28-87fb-37ef50597a6b?id=15931a09-e44e-47d3-85ec-181024fe1953
CI mode enabled
fetched snapshot sha256:7f73b79575e33d5751485ffd62de123aaa49da8940ec5b3ee280e8d4750f4157 (300 kB bytes)
fetching snapshot
unpacking archive
[internal] load build definition from Dockerfile
[internal] load metadata for docker.io/library/node:22-alpine
[internal] load .dockerignore
scheduling build on Metal builder "builder-hzwfzq"
Deploy complete

──────── public domain ────────
::notice title=API domain::https://api-production-844a7.up.railway.app
::notice title=Deployed::Build uploaded. Railway runs the pre-deploy migrations and rolls the new version out; the smoke test below waits for it.
──────── read the Postgres public URL ────────
::notice title=Migrations::Postgres has no public URL, so they ran inside Railway as the api pre-deploy command (railway.json). The smoke test's database lookup below confirms the schema is there.
──────── smoke test ────────
smoke: api=https://api-production-844a7.up.railway.app web=<not deployed, skipping>

1. API health
  [32mPASS[0m  200, ok:true
2. OpenAPI spec
  [32mPASS[0m  200
3. Database (public creator lookup)
  [31mFAIL[0m  500 — DB unreachable or migrations not run (see DEPLOY_NOW.md step 2.5)
4. Web app
  [33mSKIP[0m  no web URL given

Smoke test FAILED. Full regression: docs/QA_TEST_PLAN.md
::error title=Smoke test failed::The API at https://api-production-844a7.up.railway.app did not pass its checks. Which check failed is in the published run log.
